--- TESTING SUBSCRIPTION FLOW ---
[1] Registering Merchant: merchant_1765984119041
έεΖ Merchant Registered
[2] Creating Plan...
node : έζΝ TEST FAILED: 
Error: Plan creation 
failed: 
{"error":"Validation faile
d","details":[{"field":"in
terval","message":"\"inter
val\" must be one of 
[daily, weekly, monthly, 
yearly]"}]}
At line:1 char:1
+ node 
test-subscription-flow.js 
> test_log.txt 2>&1
+ ~~~~~~~~~~~~~~~~~~~~~~~~
~~~~~~~~~~~~~~~~~~~~~~~~~~
    + CategoryInfo        
      : NotSpecified: (έ  
  ζΝ TEST FAILED...ly,    
 yearly]"}]}:String) [    
], RemoteException
    + FullyQualifiedError 
   Id : NativeCommandErr  
  or
 
    at runTest (file:///C:
/Users/galan/.gemini/antig
ravity/scratch/solana-subs
cription-billing/api/test-
subscription-flow.js:44:28
)
    at process.processTick
sAndRejections (node:inter
nal/process/task_queues:10
5:5)
